[unistudio.co/html/lexend/index.html]
[backblue.gif]
[fade.gif]
[index.html]
[unistudio.co/html/lexend/assets/images/common/seo-image.jpg]
[unistudio.co/html/lexend/assets/css/fonts.css]
[unistudio.co/html/lexend/assets/css/unicons.min.css]
[unistudio.co/html/lexend/assets/css/swiper-bundle.min.css]
[unistudio.co/html/lexend/assets/css/magic-cursor.min.css]
[unistudio.co/html/lexend/assets/js/libs/jquery.min.js]
[unistudio.co/html/lexend/assets/js/libs/scrollmagic.min.js]
[unistudio.co/html/lexend/assets/js/libs/swiper-bundle.min.js]
[unistudio.co/html/lexend/assets/js/libs/anime.min.js]
[unistudio.co/html/lexend/assets/js/libs/typed.min.js]
[unistudio.co/html/lexend/assets/js/libs/tilt.min.js]
[unistudio.co/html/lexend/assets/js/libs/split-type.min.js]
[unistudio.co/html/lexend/assets/js/libs/prettify.min.js]
[unistudio.co/html/lexend/assets/js/libs/gsap.min.js]
[unistudio.co/html/lexend/assets/js/libs/smooth-scroll.min.js]
[unistudio.co/html/lexend/assets/js/core/magic-cursor.js]
[unistudio.co/html/lexend/assets/js/helpers/data-attr-helper.js]
[unistudio.co/html/lexend/assets/js/helpers/swiper-helper.js]
[unistudio.co/html/lexend/assets/js/helpers/splitype-helper.js]
[unistudio.co/html/lexend/assets/js/helpers/anime-helper.js]
[unistudio.co/html/lexend/assets/js/helpers/typed-helper.js]
[unistudio.co/html/lexend/assets/js/helpers/tilt-helper.js]
[unistudio.co/html/lexend/assets/js/core/marquee.js]
[unistudio.co/html/lexend/assets/js/uikit-components-bs.js]
[unistudio.co/html/lexend/assets/js/form.js]
[unistudio.co/html/lexend/assets/js/app.js]
[unistudio.co/html/lexend/assets/js/app-head-bs.js]
[unistudio.co/html/lexend/assets/js/uni-core/css/uni-core.min.css]
[unistudio.co/html/lexend/assets/css/theme/main.purge.css]
[unistudio.co/html/lexend/assets/js/uni-core/js/uni-core-bundle.min.js]
[unistudio.co/html/lexend/main/to_top.1f.delayed]
[unistudio.co/html/lexend/assets/images/landing/logo.svg]
[unistudio.co/html/lexend/assets/images/landing/presentation-hero.21.delayed]
[unistudio.co/html/lexend/main/index.html]
[unistudio.co/html/lexend/assets/images/landing/lexend-details-1.png]
[unistudio.co/html/lexend/docs/index.html]
[unistudio.co/html/lexend/assets/images/landing/lexend-details-2.png]
[unistudio.co/html/lexend/assets/images/demos/screenshots/index-14.jpg]
[unistudio.co/html/lexend/main/index-14.html]
[unistudio.co/html/lexend/main/index-140281.html]
[unistudio.co/html/lexend/main/index-14-rtl.html]
[unistudio.co/html/lexend/assets/images/demos/screenshots/index-13.jpg]
[unistudio.co/html/lexend/main/index-13.html]
[unistudio.co/html/lexend/main/index-130281.html]
[unistudio.co/html/lexend/assets/images/demos/screenshots/index-12.jpg]
[unistudio.co/html/lexend/main/index-13-rtl.html]
[unistudio.co/html/lexend/main/index-12.html]
[unistudio.co/html/lexend/main/index-120281.html]
[unistudio.co/html/lexend/assets/images/demos/screenshots/index-11.jpg]
[unistudio.co/html/lexend/main/index-12-rtl.html]
[unistudio.co/html/lexend/main/index-11.html]
[unistudio.co/html/lexend/main/index-110281.html]
[unistudio.co/html/lexend/assets/images/demos/screenshots/index-10.jpg]
[unistudio.co/html/lexend/main/index-11-rtl.html]
[unistudio.co/html/lexend/main/index-10.html]
[unistudio.co/html/lexend/main/index-100281.html]
[unistudio.co/html/lexend/assets/images/demos/screenshots/index-9.jpg]
[unistudio.co/html/lexend/main/index-9.html]
[unistudio.co/html/lexend/main/index-90281.html]
[unistudio.co/html/lexend/assets/images/demos/screenshots/index-8.jpg]
[unistudio.co/html/lexend/main/index-8.html]
[unistudio.co/html/lexend/main/index-80281.html]
[unistudio.co/html/lexend/assets/images/demos/screenshots/index-7.jpg]
[unistudio.co/html/lexend/main/index-7.html]
[unistudio.co/html/lexend/main/index-70281.html]
[unistudio.co/html/lexend/assets/images/demos/screenshots/index-6.jpg]
[unistudio.co/html/lexend/main/index-6.html]
[unistudio.co/html/lexend/main/index-60281.html]
[unistudio.co/html/lexend/assets/images/demos/screenshots/index-5.jpg]
[unistudio.co/html/lexend/main/index-5.html]
[unistudio.co/html/lexend/main/index-50281.html]
[unistudio.co/html/lexend/assets/images/demos/screenshots/index-4.jpg]
[unistudio.co/html/lexend/main/index-4.html]
[unistudio.co/html/lexend/main/index-40281.html]
[unistudio.co/html/lexend/main/index-4-rtl.html]
[unistudio.co/html/lexend/assets/images/demos/screenshots/index-3.jpg]
[unistudio.co/html/lexend/main/index-3.html]
[unistudio.co/html/lexend/main/index-30281.html]
[unistudio.co/html/lexend/assets/images/demos/screenshots/index-2.jpg]
[unistudio.co/html/lexend/main/index-2.html]
[unistudio.co/html/lexend/main/index-20281.html]
[unistudio.co/html/lexend/assets/images/demos/screenshots/index.jpg]
[unistudio.co/html/lexend/assets/images/demos/screenshots/page-services.jpg]
[unistudio.co/html/lexend/main/index0281.html]
[unistudio.co/html/lexend/assets/images/demos/screenshots/page-services-detail.jpg]
[unistudio.co/html/lexend/main/page-services.html]
[unistudio.co/html/lexend/main/page-services-detail.html]
[unistudio.co/html/lexend/assets/images/demos/screenshots/page-pricing-2.jpg]
[unistudio.co/html/lexend/assets/images/demos/screenshots/blog-sidebar.jpg]
[unistudio.co/html/lexend/main/page-pricing-2.html]
[unistudio.co/html/lexend/main/blog-sidebar.html]
[unistudio.co/html/lexend/assets/images/demos/screenshots/content-table.jpg]
[unistudio.co/html/lexend/main/content-table.html]
[unistudio.co/html/lexend/assets/images/demos/screenshots/components.jpg]
[unistudio.co/html/lexend/assets/images/demos/screenshots/page-features.jpg]
[unistudio.co/html/lexend/main/components.html]
[unistudio.co/html/lexend/main/page-features.html]
[unistudio.co/html/lexend/assets/images/demos/screenshots/page-pricing.jpg]
[unistudio.co/html/lexend/main/page-pricing.html]
[unistudio.co/html/lexend/assets/images/demos/screenshots/page-integrations.jpg]
[unistudio.co/html/lexend/assets/images/demos/screenshots/page-about.jpg]
[unistudio.co/html/lexend/main/page-integrations.html]
[unistudio.co/html/lexend/assets/images/demos/screenshots/page-team.jpg]
[unistudio.co/html/lexend/main/page-about.html]
[unistudio.co/html/lexend/main/page-team.html]
[unistudio.co/html/lexend/assets/images/demos/screenshots/page-career.jpg]
[unistudio.co/html/lexend/main/page-career.html]
[unistudio.co/html/lexend/assets/images/demos/screenshots/page-career-detail.jpg]
[unistudio.co/html/lexend/main/page-career-detail.html]
[unistudio.co/html/lexend/assets/images/demos/screenshots/blog.jpg]
[unistudio.co/html/lexend/main/blog.html]
[unistudio.co/html/lexend/assets/images/demos/screenshots/page-contact.jpg]
[unistudio.co/html/lexend/main/page-contact.html]
[unistudio.co/html/lexend/assets/images/demos/screenshots/page-contact-2.jpg]
[unistudio.co/html/lexend/assets/images/demos/screenshots/soon.jpg]
[unistudio.co/html/lexend/main/page-contact-2.html]
[unistudio.co/html/lexend/assets/images/demos/screenshots/blog-2cols.jpg]
[unistudio.co/html/lexend/main/blog-2cols.html]
[unistudio.co/html/lexend/assets/images/demos/screenshots/blog-3cols.jpg]
[unistudio.co/html/lexend/main/blog-3cols.html]
[unistudio.co/html/lexend/assets/images/demos/screenshots/blog-4cols.jpg]
[unistudio.co/html/lexend/assets/images/demos/screenshots/blog-category.jpg]
[unistudio.co/html/lexend/main/blog-4cols.html]
[unistudio.co/html/lexend/main/blog-category.html]
[unistudio.co/html/lexend/assets/images/demos/screenshots/blog-details.jpg]
[unistudio.co/html/lexend/main/blog-details.html]
[unistudio.co/html/lexend/assets/images/demos/screenshots/blog-details-2.jpg]
[unistudio.co/html/lexend/assets/images/demos/screenshots/blog-details-3.jpg]
[unistudio.co/html/lexend/main/blog-details-2.html]
[unistudio.co/html/lexend/main/blog-details-3.html]
[unistudio.co/html/lexend/assets/images/demos/screenshots/shop.jpg]
[unistudio.co/html/lexend/assets/images/demos/screenshots/shop-3.jpg]
[unistudio.co/html/lexend/main/shop.html]
[unistudio.co/html/lexend/assets/images/demos/screenshots/shop-2.jpg]
[unistudio.co/html/lexend/main/shop-3.html]
[unistudio.co/html/lexend/main/shop-2.html]
[unistudio.co/html/lexend/assets/images/demos/screenshots/shop-sidebar.jpg]
[unistudio.co/html/lexend/main/shop-sidebar.html]
[unistudio.co/html/lexend/assets/images/demos/screenshots/shop-cart.jpg]
[unistudio.co/html/lexend/main/shop-cart.html]
[unistudio.co/html/lexend/assets/images/demos/screenshots/shop-cart-2.jpg]
[unistudio.co/html/lexend/main/shop-cart-2.html]
[unistudio.co/html/lexend/assets/images/demos/screenshots/shop-checkout.jpg]
[unistudio.co/html/lexend/assets/images/demos/screenshots/shop-checkout-2.jpg]
[unistudio.co/html/lexend/main/shop-checkout.html]
[unistudio.co/html/lexend/main/shop-checkout-2.html]
[unistudio.co/html/lexend/assets/images/demos/screenshots/shop-product-detail.jpg]
[unistudio.co/html/lexend/main/shop-product-detail.html]
[unistudio.co/html/lexend/assets/images/demos/screenshots/shop-product-detail-2.jpg]
[unistudio.co/html/lexend/assets/images/demos/screenshots/shop-order.jpg]
[unistudio.co/html/lexend/main/shop-product-detail-2.html]
[unistudio.co/html/lexend/main/shop-order.html]
[unistudio.co/html/lexend/assets/images/demos/screenshots/sign-up.jpg]
[unistudio.co/html/lexend/main/sign-up.html]
[unistudio.co/html/lexend/assets/images/demos/screenshots/sign-up-2.jpg]
[unistudio.co/html/lexend/main/sign-up-2.html]
[unistudio.co/html/lexend/assets/images/demos/screenshots/sign-in.jpg]
[unistudio.co/html/lexend/main/sign-in.html]
[unistudio.co/html/lexend/assets/images/demos/screenshots/sign-in-2.jpg]
[unistudio.co/html/lexend/assets/images/demos/screenshots/request-demo.jpg]
[unistudio.co/html/lexend/main/sign-in-2.html]
[unistudio.co/html/lexend/main/request-demo.html]
[unistudio.co/html/lexend/assets/images/demos/screenshots/reset-password.jpg]
[unistudio.co/html/lexend/main/reset-password.html]
[unistudio.co/html/lexend/assets/images/demos/screenshots/reset-password-2.jpg]
[unistudio.co/html/lexend/main/reset-password-2.html]
[unistudio.co/html/lexend/assets/images/demos/screenshots/404.jpg]
[unistudio.co/html/lexend/main/404.html]
[unistudio.co/html/lexend/assets/images/demos/screenshots/page-privacy.jpg]
[unistudio.co/html/lexend/main/page-privacy.html]
[unistudio.co/html/lexend/assets/images/demos/screenshots/page-terms.jpg]
[unistudio.co/html/lexend/main/page-terms.html]
[unistudio.co/html/lexend/assets/images/landing/avatar.png]
[unistudio.co/html/lexend/assets/images/template/star-1.svg]
[unistudio.co/html/lexend/assets/images/template/star-2.svg]
[unistudio.co/html/lexend/assets/images/template/icon-trophy.svg]
[unistudio.co/html/lexend/assets/images/template/icon-trophy-dark.svg]
[unistudio.co/html/lexend/assets/images/template/icon-location.svg]
[unistudio.co/html/lexend/assets/images/template/icon-location-dark.svg]
[unistudio.co/html/lexend/assets/images/template/icon-crown.svg]
[unistudio.co/html/lexend/assets/images/template/icon-crown-dark.svg]
[unistudio.co/html/lexend/assets/images/template/icon-chat.svg]
[unistudio.co/html/lexend/assets/images/template/icon-chat-dark.svg]
[unistudio.co/html/lexend/assets/images/landing/featured.svg]
[unistudio.co/html/lexend/index.html]
[unistudio.co/html/lexend/assets/css/fonts.css]
[unistudio.co/html/lexend/assets/js/libs/bootstrap.min.js]
[unistudio.co/html/lexend/assets/fonts/unicons/Unicons.eot]
[unistudio.co/html/lexend/assets/fonts/unicons/Unicons.ttf]
[unistudio.co/html/lexend/assets/fonts/unicons/Unicons.woff]
[unistudio.co/html/lexend/assets/css/unicons.min.css]
[unistudio.co/html/lexend/assets/css/swiper-bundle.min.css]
[unistudio.co/html/lexend/assets/css/magic-cursor.min.css]
[unistudio.co/html/lexend/assets/js/uni-core/css/uni-core.min.css]
[unistudio.co/html/lexend/assets/css/prettify.min.css]
[unistudio.co/html/lexend/assets/css/theme/main.purge.css]
[unistudio.co/html/lexend/main/to_top.html]
[unistudio.co/html/lexend/assets/images/common/newsletter.jpg]
[unistudio.co/html/lexend/assets/fonts/unicons/Unicons.svg]
[unistudio.co/html/lexend/assets/images/common/logo-mark.svg]
[unistudio.co/html/lexend/main/blog-classic.html]
[unistudio.co/html/lexend/main/coming-soon.html]
[unistudio.co/html/lexend/main/page-faq.html]
[unistudio.co/html/lexend/main/shop-category.html]
[unistudio.co/html/lexend/assets/images/common/products/img-07.jpg]
[unistudio.co/html/lexend/assets/images/common/products/img-08.jpg]
[unistudio.co/html/lexend/assets/images/common/products/img-09.jpg]
[unistudio.co/html/lexend/assets/images/common/products/img-10.jpg]
[unistudio.co/html/lexend/assets/images/common/logo-light.svg]
[unistudio.co/html/lexend/assets/images/common/logo-dark.svg]
[unistudio.co/html/lexend/main/blog-author.html]
[unistudio.co/html/lexend/assets/images/template/icon-globe.svg]
[unistudio.co/html/lexend/assets/images/template/icon-globe-dark.svg]
[unistudio.co/html/lexend/assets/images/template/icon-diamond.svg]
[unistudio.co/html/lexend/assets/images/template/icon-diamond-dark.svg]
[unistudio.co/html/lexend/assets/images/avatars/03.png]
[unistudio.co/html/lexend/assets/images/avatars/02.png]
[unistudio.co/html/lexend/assets/images/avatars/08.png]
[unistudio.co/html/lexend/assets/images/template/home-01-hero-cover.webp]
[unistudio.co/html/lexend/assets/images/media/lexend_vid.webm]
[unistudio.co/html/lexend/assets/images/brands/brand-01.svg]
[unistudio.co/html/lexend/assets/images/brands/brand-02.svg]
[unistudio.co/html/lexend/assets/images/brands/brand-03.svg]
[unistudio.co/html/lexend/assets/images/brands/brand-04.svg]
[unistudio.co/html/lexend/assets/images/brands/brand-05.svg]
[unistudio.co/html/lexend/assets/images/brands/brand-06.svg]
[unistudio.co/html/lexend/assets/images/template/feature-image-02.jpg]
[unistudio.co/html/lexend/assets/images/template/feature-image-03.jpg]
[unistudio.co/html/lexend/assets/images/template/feature-image-01.jpg]
[unistudio.co/html/lexend/assets/images/template/feature-image-04.jpg]
[unistudio.co/html/lexend/assets/images/template/tool-slack.svg]
[unistudio.co/html/lexend/assets/images/template/tool-salesforce.svg]
[unistudio.co/html/lexend/assets/images/template/tool-stripe.svg]
[unistudio.co/html/lexend/assets/images/template/tool-paypal.svg]
[unistudio.co/html/lexend/assets/images/template/tool-hubspot.svg]
[unistudio.co/html/lexend/assets/images/template/tool-zapier.svg]
[unistudio.co/html/lexend/assets/images/template/money.svg]
[unistudio.co/html/lexend/assets/images/template/money-dark.svg]
[unistudio.co/html/lexend/assets/images/brands/brand-07.svg]
[unistudio.co/html/lexend/assets/images/avatars/01.png]
[unistudio.co/html/lexend/assets/images/avatars/04.png]
[unistudio.co/html/lexend/assets/images/brands/brand-08.svg]
[unistudio.co/html/lexend/assets/images/template/timeline-01.png]
[unistudio.co/html/lexend/assets/images/template/timeline-02.png]
[unistudio.co/html/lexend/assets/images/template/timeline-03.png]
[unistudio.co/html/lexend/assets/images/template/timeline-04.png]
[unistudio.co/html/lexend/assets/images/template/timeline-05.png]
[unistudio.co/html/lexend/assets/images/template/timeline-06.png]
[unistudio.co/html/lexend/assets/images/template/team-01.jpg]
[unistudio.co/html/lexend/assets/images/template/team-02.jpg]
[unistudio.co/html/lexend/assets/images/template/team-03.jpg]
[unistudio.co/html/lexend/assets/images/template/team-04.jpg]
[unistudio.co/html/lexend/assets/images/template/team-05.jpg]
[unistudio.co/html/lexend/assets/images/template/team-06.jpg]
[unistudio.co/html/lexend/assets/images/template/team-07.jpg]
[unistudio.co/html/lexend/assets/images/template/team-08.jpg]
[unistudio.co/html/lexend/assets/images/template/talking.svg]
[unistudio.co/html/lexend/assets/images/template/talking-dark.svg]
[unistudio.co/html/lexend/assets/images/template/chatting.svg]
[unistudio.co/html/lexend/assets/images/template/chatting-dark.svg]
[unistudio.co/html/lexend/assets/images/common/playstore.svg]
[unistudio.co/html/lexend/main/index.html]
[unistudio.co/html/lexend/assets/images/landing/logo.svg]
[unistudio.co/html/lexend/assets/images/common/appstore.svg]
[unistudio.co/html/lexend/docs/favicon.ico]
[unistudio.co/html/lexend/docs/assets/css/uikit.min.css]
[unistudio.co/html/lexend/docs/assets/css/unicons.min.css]
[unistudio.co/html/lexend/docs/assets/css/docs.css]
[unistudio.co/html/lexend/docs/assets/js/page-revealer.js]
[unistudio.co/html/lexend/docs/assets/js/prettify.js]
[unistudio.co/html/lexend/docs/assets/images/unicore.png]
[unistudio.co/html/lexend/docs/assets/images/package.png]
[unistudio.co/html/lexend/docs/assets/js/uikit.min.js]
[unistudio.co/html/lexend/docs/assets/js/jquery.min.js]
[unistudio.co/html/lexend/docs/assets/js/feather.min.js]
[unistudio.co/html/lexend/docs/assets/js/docs.js]
[unistudio.co/html/lexend/docs/index.html]
[unistudio.co/html/lexend/assets/css/theme/theme-fourteen.purge.css]
[unistudio.co/html/lexend/assets/images/common/logo-14.svg]
[unistudio.co/html/lexend/assets/images/common/en.svg]
[unistudio.co/html/lexend/assets/images/common/ch.svg]
[unistudio.co/html/lexend/assets/images/template/hero-14.png]
[unistudio.co/html/lexend/assets/images/template/hero-14-graph-01.svg]
[unistudio.co/html/lexend/assets/images/template/hero-14-graph-02.svg]
[unistudio.co/html/lexend/assets/images/tools/integration.svg]
[unistudio.co/html/lexend/assets/images/avatars/02.jpg]
[unistudio.co/html/lexend/assets/images/avatars/05.png]
[unistudio.co/html/lexend/assets/images/avatars/01.jpg]
[unistudio.co/html/lexend/assets/images/brands/brand-09.svg]
[unistudio.co/html/lexend/assets/images/brands/brand-10.svg]
[unistudio.co/html/lexend/assets/images/brands/brand-11.svg]
[unistudio.co/html/lexend/assets/images/brands/brand-12.svg]
[unistudio.co/html/lexend/assets/images/features/home-14-solution-01.png]
[unistudio.co/html/lexend/assets/images/features/home-14-solution-02.png]
[unistudio.co/html/lexend/assets/images/features/home-14-solution-03.png]
[unistudio.co/html/lexend/assets/images/custom-icons/home-13-icon-01.svg]
[unistudio.co/html/lexend/assets/images/custom-icons/home-13-icon-02.svg]
[unistudio.co/html/lexend/assets/images/custom-icons/home-13-icon-04.svg]
[unistudio.co/html/lexend/assets/images/custom-icons/home-13-icon-06.svg]
[unistudio.co/html/lexend/assets/images/features/home-14-feature-01.png]
[unistudio.co/html/lexend/assets/images/features/home-14-feature-02.png]
[unistudio.co/html/lexend/assets/images/features/home-14-feature-03.png]
[unistudio.co/html/lexend/assets/images/features/home-14-feature-04.png]
[unistudio.co/html/lexend/assets/images/avatars/15.png]
[unistudio.co/html/lexend/assets/images/avatars/16.png]
[unistudio.co/html/lexend/assets/images/avatars/17.png]
[unistudio.co/html/lexend/assets/images/avatars/06.png]
[unistudio.co/html/lexend/main/index-14.html]
[unistudio.co/html/lexend/main/index-140281.html]
[unistudio.co/html/lexend/main/index-14-rtl.html]
[unistudio.co/html/lexend/assets/images/common/logo-12-light.svg]
[unistudio.co/html/lexend/assets/css/theme/theme-thirteen.purge.css]
[unistudio.co/html/lexend/assets/images/common/logo-13-light.svg]
[unistudio.co/html/lexend/assets/images/common/logo-13-dark.svg]
[unistudio.co/html/lexend/assets/images/template/login.webp]
[unistudio.co/html/lexend/assets/images/vectors/finger.svg]
[unistudio.co/html/lexend/assets/images/template/dashboard-13-home.png]
[unistudio.co/html/lexend/assets/images/brands/brand-09-dark.svg]
[unistudio.co/html/lexend/assets/images/brands/brand-05-dark.svg]
[unistudio.co/html/lexend/assets/images/brands/brand-10-dark.svg]
[unistudio.co/html/lexend/assets/images/brands/brand-11-dark.svg]
[unistudio.co/html/lexend/assets/images/brands/brand-12-dark.svg]
[unistudio.co/html/lexend/assets/images/features/home-13-feature-01.png]
[unistudio.co/html/lexend/assets/images/features/home-13-feature-02.png]
[unistudio.co/html/lexend/assets/images/features/home-13-feature-03.png]
[unistudio.co/html/lexend/assets/images/features/home-13-feature-04.png]
[unistudio.co/html/lexend/assets/images/portrait/home-13-03.jpg]
[unistudio.co/html/lexend/assets/images/media/lexend_vid_home-6.webm]
[unistudio.co/html/lexend/assets/images/portrait/home-13-01.jpg]
[unistudio.co/html/lexend/assets/images/portrait/home-13-02.jpg]
[unistudio.co/html/lexend/assets/images/blog/post-7.jpg]
[unistudio.co/html/lexend/assets/images/blog/post-8.jpg]
[unistudio.co/html/lexend/assets/images/blog/post-9.jpg]
[unistudio.co/html/lexend/assets/images/blog/post-5.jpg]
[unistudio.co/html/lexend/assets/images/blog/post-4.jpg]
[unistudio.co/html/lexend/main/index-13.html]
[unistudio.co/html/lexend/main/index-130281.html]
[unistudio.co/html/lexend/main/index-13-rtl.html]
[unistudio.co/html/lexend/assets/css/theme/theme-twelve.purge.css]
[unistudio.co/html/lexend/assets/images/common/logo-15-light.svg]
[unistudio.co/html/lexend/assets/images/common/logo-15-dark.svg]
[unistudio.co/html/lexend/assets/images/vectors/tapes-02.svg]
[unistudio.co/html/lexend/assets/images/template/hero-15.png]
[unistudio.co/html/lexend/assets/images/template/hero-15-graph-01.svg]
[unistudio.co/html/lexend/assets/images/avatars/07.png]
[unistudio.co/html/lexend/assets/images/template/hero-15-graph-02.svg]
[unistudio.co/html/lexend/assets/images/features/home-15-solution-01.png]
[unistudio.co/html/lexend/assets/images/features/home-15-feature-01.png]
[unistudio.co/html/lexend/assets/images/features/home-15-feature-02.png]
[unistudio.co/html/lexend/assets/images/features/home-15-feature-03.png]
[unistudio.co/html/lexend/assets/images/features/home-15-feature-04.png]
[unistudio.co/html/lexend/assets/images/portrait/home-15-01.jpg]
[unistudio.co/html/lexend/assets/images/blog/post-10.jpg]
[unistudio.co/html/lexend/assets/images/blog/post-11.jpg]
[unistudio.co/html/lexend/assets/images/blog/post-12.jpg]
[unistudio.co/html/lexend/main/index-12.html]
[unistudio.co/html/lexend/main/index-120281.html]
[unistudio.co/html/lexend/main/about.165.delayed]
[unistudio.co/html/lexend/main/index-12-rtl.html]
[unistudio.co/html/lexend/assets/css/theme/theme-eleven.purge.css]
[unistudio.co/html/lexend/assets/images/common/logo-11.svg]
[unistudio.co/html/lexend/main/page-solutions.169.delayed]
[unistudio.co/html/lexend/assets/images/companies/company-logo-3.svg]
[unistudio.co/html/lexend/assets/images/companies/company-logo-4.svg]
[unistudio.co/html/lexend/assets/images/template/dashboard-11-home.png]
[unistudio.co/html/lexend/assets/images/features/home-11-feature-01.png]
[unistudio.co/html/lexend/assets/images/features/home-11-feature-02.png]
[unistudio.co/html/lexend/assets/images/features/home-11-feature-03.png]
[unistudio.co/html/lexend/assets/images/features/home-11-feature-04.png]
[unistudio.co/html/lexend/assets/images/tools/asana.svg]
[unistudio.co/html/lexend/assets/images/tools/jira.svg]
[unistudio.co/html/lexend/assets/images/tools/mailchimp.svg]
[unistudio.co/html/lexend/assets/images/tools/gmail.svg]
[unistudio.co/html/lexend/assets/images/tools/evernote.svg]
[unistudio.co/html/lexend/main/index-11.html]
[unistudio.co/html/lexend/main/index-110281.html]
[unistudio.co/html/lexend/main/index-11-rtl.html]
[unistudio.co/html/lexend/assets/css/theme/theme-six.purge.css]
[unistudio.co/html/lexend/assets/images/common/logo-8-light.svg]
[unistudio.co/html/lexend/main/page-blog.180.delayed]
[unistudio.co/html/lexend/assets/images/avatars/09.png]
[unistudio.co/html/lexend/assets/images/template/home-10-hero.jpg]
[unistudio.co/html/lexend/assets/images/template/home-10-hero-02.png]
[unistudio.co/html/lexend/assets/images/template/home-10-hero-01.png]
[unistudio.co/html/lexend/assets/images/template/home-10-hero-03.png]
[unistudio.co/html/lexend/assets/images/template/home-10-step-01.svg]
[unistudio.co/html/lexend/assets/images/template/home-10-step-02.svg]
[unistudio.co/html/lexend/assets/images/template/home-10-step-03.svg]
[unistudio.co/html/lexend/assets/images/template/home-10-feature-01.jpg]
[unistudio.co/html/lexend/assets/images/template/home-10-feature-02.jpg]
[unistudio.co/html/lexend/assets/images/template/home-10-feature-03.jpg]
[unistudio.co/html/lexend/assets/images/template/home-10-feature-04.jpg]
[unistudio.co/html/lexend/assets/images/common/icons/zap.svg]
[unistudio.co/html/lexend/assets/images/common/icons/database.svg]
[unistudio.co/html/lexend/assets/images/common/icons/line-chart.svg]
[unistudio.co/html/lexend/assets/images/common/icons/target.svg]
[unistudio.co/html/lexend/assets/images/template/50_off.svg]
[unistudio.co/html/lexend/assets/images/blog/post-6.jpg]
[unistudio.co/html/lexend/assets/images/blog/img-01.jpg]
[unistudio.co/html/lexend/assets/images/blog/img-02.jpg]
[unistudio.co/html/lexend/main/index-10.html]
[unistudio.co/html/lexend/main/index-100281.html]
[unistudio.co/html/lexend/assets/css/theme/theme-five.purge.css]
[unistudio.co/html/lexend/assets/images/common/logo-8-dark.svg]
[unistudio.co/html/lexend/assets/images/apps/zapier.svg]
[unistudio.co/html/lexend/assets/images/apps/stipe.svg]
[unistudio.co/html/lexend/assets/images/apps/mailchimp.svg]
[unistudio.co/html/lexend/assets/images/apps/drive.svg]
[unistudio.co/html/lexend/assets/images/review-logo/05.svg]
[unistudio.co/html/lexend/assets/images/review-logo/dark-05.svg]
[unistudio.co/html/lexend/assets/images/features/home-8-feature-01.png]
[unistudio.co/html/lexend/assets/images/features/home-8-feature-02.png]
[unistudio.co/html/lexend/assets/images/features/home-8-feature-03.png]
[unistudio.co/html/lexend/assets/images/features/home-8-feature-04.png]
[unistudio.co/html/lexend/assets/images/features/home-8-feature-05.png]
[unistudio.co/html/lexend/assets/images/features/home-8-feature-06.png]
[unistudio.co/html/lexend/assets/images/avatars/10.png]
[unistudio.co/html/lexend/assets/images/avatars/11.png]
[unistudio.co/html/lexend/main/page-contacct.1b0.delayed]
[unistudio.co/html/lexend/main/index-9.html]
[unistudio.co/html/lexend/main/index-90281.html]
[unistudio.co/html/lexend/assets/css/theme/theme-four.purge.css]
[unistudio.co/html/lexend/assets/images/media/lexend-home-8.webm]
[unistudio.co/html/lexend/assets/images/template/dashboard-8-home.png]
[unistudio.co/html/lexend/assets/images/template/home-06-builder-tools.png]
[unistudio.co/html/lexend/assets/images/media/animated-globe.mp4]
[unistudio.co/html/lexend/assets/images/tools/notion.svg]
[unistudio.co/html/lexend/assets/images/tools/slack.svg]
[unistudio.co/html/lexend/assets/images/tools/google_drive.svg]
[unistudio.co/html/lexend/assets/images/tools/intercom.svg]
[unistudio.co/html/lexend/assets/images/tools/stripe.svg]
[unistudio.co/html/lexend/assets/images/tools/confluence.svg]
[unistudio.co/html/lexend/assets/images/tools/g-calendar.svg]
[unistudio.co/html/lexend/assets/images/tools/whatsapp.svg]
[unistudio.co/html/lexend/assets/images/tools/discord.svg]
[unistudio.co/html/lexend/assets/images/tools/bitbucket.svg]
[unistudio.co/html/lexend/assets/images/tools/invision.svg]
[unistudio.co/html/lexend/main/index-8.html]
[unistudio.co/html/lexend/main/index-80281.html]
[unistudio.co/html/lexend/assets/css/theme/theme-three.purge.css]
[unistudio.co/html/lexend/assets/images/common/logo-new-light.svg]
[unistudio.co/html/lexend/assets/images/common/logo-new-dark.svg]
[unistudio.co/html/lexend/assets/images/vectors/marketing.svg]
[unistudio.co/html/lexend/assets/images/vectors/charts-pc.svg]
[unistudio.co/html/lexend/assets/images/vectors/group.svg]
[unistudio.co/html/lexend/assets/images/vectors/idea.svg]
[unistudio.co/html/lexend/assets/images/vectors/marketing-dark.svg]
[unistudio.co/html/lexend/assets/images/vectors/charts-pc-dark.svg]
[unistudio.co/html/lexend/assets/images/vectors/group-dark.svg]
[unistudio.co/html/lexend/assets/images/vectors/idea-dark.svg]
[unistudio.co/html/lexend/assets/images/template/google-icon.svg]
[unistudio.co/html/lexend/assets/images/media/lexend-home-7.png]
[unistudio.co/html/lexend/assets/images/media/lexend-home-7.webm]
[unistudio.co/html/lexend/assets/images/integrations/mailchimp.png]
[unistudio.co/html/lexend/assets/images/integrations/asana.png]
[unistudio.co/html/lexend/assets/images/integrations/zapier.png]
[unistudio.co/html/lexend/assets/images/integrations/bitbucket.png]
[unistudio.co/html/lexend/assets/images/integrations/stripe.png]
[unistudio.co/html/lexend/assets/images/integrations/drive.png]
[unistudio.co/html/lexend/assets/images/integrations/dropbox.png]
[unistudio.co/html/lexend/assets/images/integrations/slack.png]
[unistudio.co/html/lexend/assets/images/integrations/paypal.png]
[unistudio.co/html/lexend/assets/images/integrations/monday.png]
[unistudio.co/html/lexend/assets/images/integrations/hubspot.png]
[unistudio.co/html/lexend/assets/images/integrations/saleforce.png]
[unistudio.co/html/lexend/assets/images/vectors/man-trigger.svg]
[unistudio.co/html/lexend/assets/images/vectors/man-upside-down.svg]
[unistudio.co/html/lexend/assets/images/vectors/man-upside-down-dark.svg]
[unistudio.co/html/lexend/assets/images/vectors/producthunt-badges.svg]
[unistudio.co/html/lexend/assets/images/common/stars.svg]
[unistudio.co/html/lexend/assets/images/common/star.svg]
[unistudio.co/html/lexend/main/index-7.html]
[unistudio.co/html/lexend/main/index-70281.html]
[unistudio.co/html/lexend/assets/css/theme/theme-two.purge.css]
[unistudio.co/html/lexend/assets/images/common/logo-icon.svg]
[unistudio.co/html/lexend/assets/images/template/user-cursor-1.svg]
[unistudio.co/html/lexend/assets/images/template/user-cursor-3.svg]
[unistudio.co/html/lexend/assets/images/template/app-dashboard.png]
[unistudio.co/html/lexend/assets/images/template/app-dashboard-helper-1.png]
[unistudio.co/html/lexend/assets/images/template/user-cursor-2.svg]
[unistudio.co/html/lexend/assets/images/template/home-06-main-app.png]
[unistudio.co/html/lexend/assets/images/template/user-cursor-4.svg]
[unistudio.co/html/lexend/assets/images/template/home-06-dashboard-components.png]
[unistudio.co/html/lexend/assets/images/template/home-06-components.png]
[unistudio.co/html/lexend/assets/images/media/lexend_vid_home-6.jpg]
[unistudio.co/html/lexend/assets/images/common/icons/puzzle.svg]
[unistudio.co/html/lexend/assets/images/common/icons/section.svg]
[unistudio.co/html/lexend/assets/images/common/icons/column.svg]
[unistudio.co/html/lexend/assets/images/common/icons/div.svg]
[unistudio.co/html/lexend/assets/images/common/icons/heading.svg]
[unistudio.co/html/lexend/assets/images/common/icons/form.svg]
[unistudio.co/html/lexend/assets/images/common/icons/button.svg]
[unistudio.co/html/lexend/assets/images/common/icons/divider.svg]
[unistudio.co/html/lexend/assets/images/common/icons/spacer.svg]
[unistudio.co/html/lexend/assets/images/common/icons/image.svg]
[unistudio.co/html/lexend/assets/images/common/icons/video.svg]
[unistudio.co/html/lexend/assets/images/common/icons/charts.svg]
[unistudio.co/html/lexend/assets/images/common/icons/blog.svg]
[unistudio.co/html/lexend/assets/images/common/icons/portfolio.svg]
[unistudio.co/html/lexend/assets/images/common/icons/ecommerce.svg]
[unistudio.co/html/lexend/assets/images/common/icons/content.svg]
[unistudio.co/html/lexend/assets/images/common/icons/homepage.svg]
[unistudio.co/html/lexend/assets/images/team/01.png]
[unistudio.co/html/lexend/assets/images/team/04.png]
[unistudio.co/html/lexend/assets/images/team/05.png]
[unistudio.co/html/lexend/assets/images/team/06.png]
[unistudio.co/html/lexend/assets/images/team/07.png]
[unistudio.co/html/lexend/main/page-author.209.delayed]
[unistudio.co/html/lexend/assets/images/blog/img-03.jpg]
[unistudio.co/html/lexend/assets/images/blog/img-04.jpg]
[unistudio.co/html/lexend/assets/images/blog/img-05.jpg]
[unistudio.co/html/lexend/assets/images/blog/img-06.jpg]
[unistudio.co/html/lexend/assets/images/blog/img-07.jpg]
[unistudio.co/html/lexend/main/index-6.html]
[unistudio.co/html/lexend/main/index-60281.html]
[unistudio.co/html/lexend/main/pages-services.20f.delayed]
[unistudio.co/html/lexend/main/pages-integrations.210.delayed]
[unistudio.co/html/lexend/main/page-contant.211.delayed]
[unistudio.co/html/lexend/assets/images/common/star-rating.svg]
[unistudio.co/html/lexend/assets/images/template/hero-05.jpg]
[unistudio.co/html/lexend/assets/images/template/hero-05-countries.png]
[unistudio.co/html/lexend/assets/images/template/hero-05-account.png]
[unistudio.co/html/lexend/assets/images/brands/brand-01-dark.svg]
[unistudio.co/html/lexend/assets/images/team/01.jpg]
[unistudio.co/html/lexend/assets/images/team/02.jpg]
[unistudio.co/html/lexend/assets/images/team/03.jpg]
[unistudio.co/html/lexend/assets/images/team/04.jpg]
[unistudio.co/html/lexend/assets/images/team/05.jpg]
[unistudio.co/html/lexend/assets/images/team/06.jpg]
[unistudio.co/html/lexend/assets/images/team/07.jpg]
[unistudio.co/html/lexend/assets/images/team/08.jpg]
[unistudio.co/html/lexend/main/index-5.html]
[unistudio.co/html/lexend/main/index-50281.html]
[unistudio.co/html/lexend/assets/images/template/hero-mockup.png]
[unistudio.co/html/lexend/assets/images/template/hero-mockup-rtl.png]
[unistudio.co/html/lexend/assets/images/brands/brand-02-dark.svg]
[unistudio.co/html/lexend/assets/images/brands/brand-03-dark.svg]
[unistudio.co/html/lexend/assets/images/brands/brand-04-dark.svg]
[unistudio.co/html/lexend/assets/images/brands/brand-06-dark.svg]
[unistudio.co/html/lexend/assets/images/brands/brand-07-dark.svg]
[unistudio.co/html/lexend/assets/images/brands/brand-08-dark.svg]
[unistudio.co/html/lexend/assets/images/template/home-four-feature-01.png]
[unistudio.co/html/lexend/assets/images/template/home-four-feature-02.png]
[unistudio.co/html/lexend/assets/images/template/home-four-feature-03.png]
[unistudio.co/html/lexend/assets/images/template/home-four-feature-04.png]
[unistudio.co/html/lexend/main/index-4.html]
[unistudio.co/html/lexend/main/index-40281.html]
[unistudio.co/html/lexend/main/index-4-rtl.html]
[unistudio.co/html/lexend/assets/images/template/dashboard.jpg]
[unistudio.co/html/lexend/assets/images/template/sitting.svg]
[unistudio.co/html/lexend/assets/images/template/sitting-dark.svg]
[unistudio.co/html/lexend/assets/images/review-logo/01.svg]
[unistudio.co/html/lexend/assets/images/review-logo/dark-01.svg]
[unistudio.co/html/lexend/assets/images/review-logo/02.svg]
[unistudio.co/html/lexend/assets/images/review-logo/dark-02.svg]
[unistudio.co/html/lexend/assets/images/review-logo/03.svg]
[unistudio.co/html/lexend/assets/images/review-logo/dark-03.svg]
[unistudio.co/html/lexend/assets/images/review-logo/04.svg]
[unistudio.co/html/lexend/assets/images/review-logo/dark-04.svg]
[unistudio.co/html/lexend/assets/images/review-logo/06.svg]
[unistudio.co/html/lexend/assets/images/review-logo/dark-06.svg]
[unistudio.co/html/lexend/assets/images/template/feature-01.svg]
[unistudio.co/html/lexend/assets/images/template/feature-02.svg]
[unistudio.co/html/lexend/assets/images/template/feature-03.svg]
[unistudio.co/html/lexend/assets/images/template/feature-04.svg]
[unistudio.co/html/lexend/assets/images/portrait/01.jpg]
[unistudio.co/html/lexend/assets/images/portrait/02.jpg]
[unistudio.co/html/lexend/assets/images/portrait/03.jpg]
[unistudio.co/html/lexend/assets/images/blog/img-11.jpg]
[unistudio.co/html/lexend/assets/images/blog/img-12.jpg]
[unistudio.co/html/lexend/assets/images/blog/img-13.jpg]
[unistudio.co/html/lexend/main/index-3.html]
[unistudio.co/html/lexend/main/index-30281.html]
[unistudio.co/html/lexend/assets/images/template/arrow-3.svg]
[unistudio.co/html/lexend/assets/images/template/hero-two.png]
[unistudio.co/html/lexend/assets/images/template/hero-two-dark.png]
[unistudio.co/html/lexend/main/index-2.html]
[unistudio.co/html/lexend/main/index-20281.html]
[unistudio.co/html/lexend/main/index0281.html]
[unistudio.co/html/lexend/assets/images/template/hero-page-services.jpg]
[unistudio.co/html/lexend/assets/images/portrait/home-16-01.jpg]
[unistudio.co/html/lexend/assets/images/projects/project-01.webp]
[unistudio.co/html/lexend/assets/images/projects/project-02.webp]
[unistudio.co/html/lexend/assets/images/projects/project-03.webp]
[unistudio.co/html/lexend/assets/images/projects/project-04.webp]
[unistudio.co/html/lexend/assets/images/projects/project-05.webp]
[unistudio.co/html/lexend/assets/images/projects/project-06.webp]
[unistudio.co/html/lexend/main/page-services.html]
[unistudio.co/html/lexend/assets/images/template/hero-page-service-detail.jpg]
[unistudio.co/html/lexend/assets/images/technologies/react.svg]
[unistudio.co/html/lexend/assets/images/technologies/nextjs.svg]
[unistudio.co/html/lexend/assets/images/technologies/sass.svg]
[unistudio.co/html/lexend/assets/images/technologies/nodejs.svg]
[unistudio.co/html/lexend/assets/images/technologies/php.svg]
[unistudio.co/html/lexend/assets/images/technologies/python.svg]
[unistudio.co/html/lexend/assets/images/technologies/rubyrails.svg]
[unistudio.co/html/lexend/assets/images/technologies/laragon.svg]
[unistudio.co/html/lexend/assets/images/technologies/java.svg]
[unistudio.co/html/lexend/assets/images/technologies/kotlin.svg]
[unistudio.co/html/lexend/assets/images/technologies/flutter.svg]
[unistudio.co/html/lexend/assets/images/technologies/swift.svg]
[unistudio.co/html/lexend/assets/images/technologies/mysql.svg]
[unistudio.co/html/lexend/assets/images/technologies/mongodb.svg]
[unistudio.co/html/lexend/assets/images/technologies/postgresql.svg]
[unistudio.co/html/lexend/assets/images/technologies/googlecloud.svg]
[unistudio.co/html/lexend/main/page-services-detail.html]
[unistudio.co/html/lexend/main/page-pricing-2.html]
[unistudio.co/html/lexend/main/blog-sidebar.html]
[unistudio.co/html/lexend/assets/images/technologies/aws.svg]
[unistudio.co/html/lexend/assets/images/template/hero-contact.jpg]
[unistudio.co/html/lexend/main/content-table.html]
[unistudio.co/html/lexend/assets/images/custom-icons/button.svg]
[unistudio.co/html/lexend/assets/images/custom-icons/accordion.svg]
[unistudio.co/html/lexend/assets/images/custom-icons/scroll-effects.svg]
[unistudio.co/html/lexend/assets/images/custom-icons/tilt-effects.svg]
[unistudio.co/html/lexend/main/components.html]
[unistudio.co/html/lexend/assets/images/template/charts.svg]
[unistudio.co/html/lexend/main/page-features.html]
[unistudio.co/html/lexend/main/page-pricing.html]
[unistudio.co/html/lexend/main/page-integrations.html]
[unistudio.co/html/lexend/assets/images/template/charts-dark.svg]
[unistudio.co/html/lexend/assets/images/template/hero-about-01.jpg]
[unistudio.co/html/lexend/assets/images/template/hand-pencil.svg]
[unistudio.co/html/lexend/assets/images/template/hand-pencil-dark.svg]
[unistudio.co/html/lexend/assets/images/template/hero-about-02.jpg]
[unistudio.co/html/lexend/assets/images/template/empathing.svg]
[unistudio.co/html/lexend/assets/images/template/walking.svg]
[unistudio.co/html/lexend/assets/images/template/empathing-dark.svg]
[unistudio.co/html/lexend/assets/images/template/walking-dark.svg]
[unistudio.co/html/lexend/assets/images/template/thinking.svg]
[unistudio.co/html/lexend/assets/images/template/thinking-dark.svg]
[unistudio.co/html/lexend/assets/images/template/send-message.svg]
[unistudio.co/html/lexend/main/page-about.html]
[unistudio.co/html/lexend/assets/images/template/send-message-dark.svg]
[unistudio.co/html/lexend/main/page-team.html]
[unistudio.co/html/lexend/assets/images/template/career.jpg]
[unistudio.co/html/lexend/main/page-career.html]
[unistudio.co/html/lexend/main/page-career-detail.html]
[unistudio.co/html/lexend/assets/images/blog/img-08.jpg]
[unistudio.co/html/lexend/assets/images/blog/img-09.jpg]
[unistudio.co/html/lexend/assets/images/blog/img-10.jpg]
[unistudio.co/html/lexend/assets/images/template/newsletter.svg]
[unistudio.co/html/lexend/main/blog.html]
[unistudio.co/html/lexend/assets/images/template/newsletter-dark.svg]
[unistudio.co/html/lexend/assets/images/template/icon-internet.svg]
[unistudio.co/html/lexend/assets/images/template/icon-internet-dark.svg]
[unistudio.co/html/lexend/assets/images/template/icon-community.svg]
[unistudio.co/html/lexend/main/page-contact.html]
[unistudio.co/html/lexend/main/page-contact-2.html]
[unistudio.co/html/lexend/assets/images/template/icon-community-dark.svg]
[unistudio.co/html/lexend/assets/images/blog/img-14.jpg]
[unistudio.co/html/lexend/assets/images/blog/img-15.jpg]
[unistudio.co/html/lexend/assets/images/blog/img-16.jpg]
[unistudio.co/html/lexend/main/blog-2cols.html]
[unistudio.co/html/lexend/main/blog-3cols.html]
[unistudio.co/html/lexend/main/blog-4cols.html]
[unistudio.co/html/lexend/main/blog-category.html]
[unistudio.co/html/lexend/assets/images/blog/post-full.jpg]
[unistudio.co/html/lexend/assets/images/blog/post-1.jpg]
[unistudio.co/html/lexend/assets/images/blog/post-2.jpg]
[unistudio.co/html/lexend/assets/images/blog/post-3.jpg]
[unistudio.co/html/lexend/assets/images/blog/post-author.jpg]
[unistudio.co/html/lexend/main/blog-details.html]
[unistudio.co/html/lexend/main/blog-details-2.html]
[unistudio.co/html/lexend/main/blog-details-3.html]
[unistudio.co/html/lexend/assets/images/common/products/img-01.jpg]
[unistudio.co/html/lexend/assets/images/common/products/img-02.jpg]
[unistudio.co/html/lexend/assets/images/common/products/img-03.jpg]
[unistudio.co/html/lexend/assets/images/common/products/img-04.jpg]
[unistudio.co/html/lexend/assets/images/common/products/img-05.jpg]
[unistudio.co/html/lexend/assets/images/common/products/img-06.jpg]
[unistudio.co/html/lexend/assets/images/common/products/img-11.jpg]
[unistudio.co/html/lexend/assets/images/common/products/img-12.jpg]
[unistudio.co/html/lexend/assets/images/common/products/img-13.jpg]
[unistudio.co/html/lexend/assets/images/common/products/img-14.jpg]
[unistudio.co/html/lexend/assets/images/common/products/img-15.jpg]
[unistudio.co/html/lexend/assets/images/common/products/img-16.jpg]
[unistudio.co/html/lexend/main/shop.html]
[unistudio.co/html/lexend/main/shop-3.html]
[unistudio.co/html/lexend/main/shop-2.html]
[unistudio.co/html/lexend/main/shop-sidebar.html]
[unistudio.co/html/lexend/main/shop-cart.html]
[unistudio.co/html/lexend/main/shop-cart-2.html]
[unistudio.co/html/lexend/main/shop-checkout.html]
[unistudio.co/html/lexend/main/shop-checkout-2.html]
[unistudio.co/html/lexend/assets/images/common/products/img-17.jpg]
[unistudio.co/html/lexend/assets/images/common/products/img-18.jpg]
[unistudio.co/html/lexend/assets/images/common/products/img-19.jpg]
[unistudio.co/html/lexend/assets/images/common/products/img-20.jpg]
[unistudio.co/html/lexend/assets/images/common/products/img-21.jpg]
[unistudio.co/html/lexend/assets/images/common/products/img-22.jpg]
[unistudio.co/html/lexend/assets/images/common/users/img-01.png]
[unistudio.co/html/lexend/assets/images/common/users/img-02.png]
[unistudio.co/html/lexend/assets/images/common/users/img-03.png]
[unistudio.co/html/lexend/assets/images/common/users/img-04.png]
[unistudio.co/html/lexend/assets/images/common/users/img-05.png]
[unistudio.co/html/lexend/main/shop-product-detail.html]
[unistudio.co/html/lexend/main/shop-product-detail-2.html]
[unistudio.co/html/lexend/main/shop-order.html]
[unistudio.co/html/lexend/main/sign-up.html]
[unistudio.co/html/lexend/main/sign-up-2.html]
[unistudio.co/html/lexend/main/sign-in.html]
[unistudio.co/html/lexend/main/sign-in-2.html]
[unistudio.co/html/lexend/main/request-demo.html]
[unistudio.co/html/lexend/main/reset-password.html]
[unistudio.co/html/lexend/main/reset-password-2.html]
[unistudio.co/html/lexend/main/404.html]
[unistudio.co/html/lexend/main/page-privacy.html]
[unistudio.co/html/lexend/main/page-terms.html]
[unistudio.co/html/lexend/assets/images/template/star-1.svg]
[unistudio.co/html/lexend/assets/images/template/star-2.svg]
[unistudio.co/html/lexend/assets/images/template/icon-trophy.svg]
[unistudio.co/html/lexend/assets/images/template/icon-trophy-dark.svg]
[unistudio.co/html/lexend/assets/images/template/icon-location.svg]
[unistudio.co/html/lexend/assets/images/template/icon-location-dark.svg]
[unistudio.co/html/lexend/assets/images/template/icon-crown.svg]
[unistudio.co/html/lexend/assets/images/template/icon-crown-dark.svg]
[unistudio.co/html/lexend/assets/images/template/icon-chat.svg]
[unistudio.co/html/lexend/assets/images/template/icon-chat-dark.svg]
[unistudio.co/html/lexend/assets/images/landing/featured.svg]
[unistudio.co/html/lexend/assets/fonts/unicons/Unicons.svg]
[unistudio.co/html/lexend/assets/images/common/logo-mark.svg]
[unistudio.co/html/lexend/main/blog-classic.html]
[unistudio.co/html/lexend/main/coming-soon.html]
[unistudio.co/html/lexend/main/page-faq.html]
[unistudio.co/html/lexend/main/shop-category.html]
[unistudio.co/html/lexend/assets/images/common/logo-light.svg]
[unistudio.co/html/lexend/assets/images/common/logo-dark.svg]
[unistudio.co/html/lexend/main/blog-author.html]
[unistudio.co/html/lexend/assets/images/template/icon-globe.svg]
[unistudio.co/html/lexend/assets/images/template/icon-globe-dark.svg]
[unistudio.co/html/lexend/assets/images/template/icon-diamond.svg]
[unistudio.co/html/lexend/assets/images/template/icon-diamond-dark.svg]
[unistudio.co/html/lexend/assets/images/brands/brand-01.svg]
[unistudio.co/html/lexend/assets/images/brands/brand-02.svg]
[unistudio.co/html/lexend/assets/images/brands/brand-03.svg]
[unistudio.co/html/lexend/assets/images/brands/brand-04.svg]
[unistudio.co/html/lexend/assets/images/brands/brand-05.svg]
[unistudio.co/html/lexend/assets/images/brands/brand-06.svg]
[unistudio.co/html/lexend/assets/images/template/tool-slack.svg]
[unistudio.co/html/lexend/assets/images/template/tool-salesforce.svg]
[unistudio.co/html/lexend/assets/images/template/tool-stripe.svg]
[unistudio.co/html/lexend/assets/images/template/tool-paypal.svg]
[unistudio.co/html/lexend/assets/images/template/tool-hubspot.svg]
[unistudio.co/html/lexend/assets/images/template/tool-zapier.svg]
[unistudio.co/html/lexend/assets/images/template/money.svg]
[unistudio.co/html/lexend/assets/images/template/money-dark.svg]
[unistudio.co/html/lexend/assets/images/brands/brand-07.svg]
[unistudio.co/html/lexend/assets/images/brands/brand-08.svg]
[unistudio.co/html/lexend/assets/images/template/talking.svg]
[unistudio.co/html/lexend/assets/images/template/talking-dark.svg]
[unistudio.co/html/lexend/assets/images/template/chatting.svg]
[unistudio.co/html/lexend/assets/images/template/chatting-dark.svg]
[unistudio.co/html/lexend/assets/images/common/playstore.svg]
[unistudio.co/html/lexend/assets/images/common/appstore.svg]
[unistudio.co/html/lexend/docs/assets/css/uikit.min.css]
[unistudio.co/html/lexend/docs/assets/css/prettify.css]
[unistudio.co/html/lexend/docs/assets/fonts/unicons/unicons.eot]
[unistudio.co/html/lexend/docs/assets/fonts/unicons/unicons.ttf]
[unistudio.co/html/lexend/docs/assets/fonts/unicons/unicons.woff]
[unistudio.co/html/lexend/docs/assets/css/unicons.min.css]
[unistudio.co/html/lexend/docs/assets/css/docs.css]
[unistudio.co/html/lexend/assets/css/theme/theme-fourteen.purge.css]
[unistudio.co/html/lexend/assets/images/common/logo-14.svg]
[unistudio.co/html/lexend/assets/images/common/en.svg]
[unistudio.co/html/lexend/assets/images/common/fr.svg]
[unistudio.co/html/lexend/assets/images/common/ge.svg]
[unistudio.co/html/lexend/assets/images/common/sp.svg]
[unistudio.co/html/lexend/assets/images/common/ar.svg]
[unistudio.co/html/lexend/assets/images/common/ch.svg]
[unistudio.co/html/lexend/assets/images/template/hero-14-graph-01.svg]
[unistudio.co/html/lexend/assets/images/template/hero-14-graph-02.svg]
[unistudio.co/html/lexend/assets/images/vectors/star-01.svg]
[unistudio.co/html/lexend/assets/images/vectors/tapes.svg]
[unistudio.co/html/lexend/assets/images/tools/integration.svg]
[unistudio.co/html/lexend/assets/images/brands/brand-09.svg]
[unistudio.co/html/lexend/assets/images/brands/brand-10.svg]
[unistudio.co/html/lexend/assets/images/brands/brand-11.svg]
[unistudio.co/html/lexend/assets/images/brands/brand-12.svg]
[unistudio.co/html/lexend/assets/images/custom-icons/home-13-icon-01.svg]
[unistudio.co/html/lexend/assets/images/custom-icons/home-13-icon-02.svg]
[unistudio.co/html/lexend/assets/images/custom-icons/home-13-icon-03.svg]
[unistudio.co/html/lexend/assets/images/custom-icons/home-13-icon-04.svg]
[unistudio.co/html/lexend/assets/images/custom-icons/home-13-icon-05.svg]
[unistudio.co/html/lexend/assets/images/custom-icons/home-13-icon-06.svg]
[unistudio.co/html/lexend/assets/images/star.svg]
[unistudio.co/html/lexend/assets/images/common/logo-12-light.svg]
[unistudio.co/html/lexend/assets/css/theme/theme-thirteen.purge.css]
[unistudio.co/html/lexend/assets/images/common/logo-13-light.svg]
[unistudio.co/html/lexend/assets/images/common/logo-13-dark.svg]
[unistudio.co/html/lexend/assets/images/custom-icons/icon-01.svg]
[unistudio.co/html/lexend/assets/images/custom-icons/icon-02.svg]
[unistudio.co/html/lexend/assets/images/custom-icons/icon-03.svg]
[unistudio.co/html/lexend/assets/images/custom-icons/icon-07.svg]
[unistudio.co/html/lexend/assets/images/custom-icons/icon-04.svg]
[unistudio.co/html/lexend/assets/images/custom-icons/icon-05.svg]
[unistudio.co/html/lexend/assets/images/custom-icons/icon-06.svg]
[unistudio.co/html/lexend/assets/images/custom-icons/icon-08.svg]
[unistudio.co/html/lexend/assets/images/vectors/finger.svg]
[unistudio.co/html/lexend/assets/images/vectors/star-02.svg]
[unistudio.co/html/lexend/assets/images/brands/brand-09-dark.svg]
[unistudio.co/html/lexend/assets/images/brands/brand-05-dark.svg]
[unistudio.co/html/lexend/assets/images/brands/brand-10-dark.svg]
[unistudio.co/html/lexend/assets/images/brands/brand-11-dark.svg]
[unistudio.co/html/lexend/assets/images/brands/brand-12-dark.svg]
[unistudio.co/html/lexend/assets/images/vectors/check.svg]
[unistudio.co/html/lexend/assets/images/common/icons/play.svg]
[unistudio.co/html/lexend/assets/css/theme/theme-twelve.purge.css]
[unistudio.co/html/lexend/assets/images/common/logo-15-light.svg]
[unistudio.co/html/lexend/assets/images/common/logo-15-dark.svg]
[unistudio.co/html/lexend/assets/images/vectors/tapes-02.svg]
[unistudio.co/html/lexend/assets/images/template/hero-15-graph-01.svg]
[unistudio.co/html/lexend/assets/images/template/hero-15-graph-02.svg]
[unistudio.co/html/lexend/assets/images/vectors/check-02.svg]
[unistudio.co/html/lexend/main/about.html]
[unistudio.co/html/lexend/assets/css/theme/theme-eleven.purge.css]
[unistudio.co/html/lexend/assets/images/common/logo-11.svg]
[unistudio.co/html/lexend/assets/images/common/logo-11-dark.svg]
[unistudio.co/html/lexend/main/page-solutions.html]
[unistudio.co/html/lexend/assets/images/companies/company-logo-1.svg]
[unistudio.co/html/lexend/assets/images/companies/company-logo-2.svg]
[unistudio.co/html/lexend/assets/images/companies/company-logo-3.svg]
[unistudio.co/html/lexend/assets/images/companies/company-logo-4.svg]
[unistudio.co/html/lexend/assets/images/companies/company-logo-5.svg]
[unistudio.co/html/lexend/assets/images/tools/figma.svg]
[unistudio.co/html/lexend/assets/images/tools/asana.svg]
[unistudio.co/html/lexend/assets/images/tools/jira.svg]
[unistudio.co/html/lexend/assets/images/tools/mailchimp.svg]
[unistudio.co/html/lexend/assets/images/tools/jira_ops.svg]
[unistudio.co/html/lexend/assets/images/tools/zapier.svg]
[unistudio.co/html/lexend/assets/images/tools/dropbox.svg]
[unistudio.co/html/lexend/assets/images/tools/gmail.svg]
[unistudio.co/html/lexend/assets/images/tools/evernote.svg]
[unistudio.co/html/lexend/assets/images/vectors/check-06.svg]
[unistudio.co/html/lexend/assets/css/theme/theme-six.purge.css]
[unistudio.co/html/lexend/assets/images/common/logo-8-light.svg]
[unistudio.co/html/lexend/main/page-blog.html]
[unistudio.co/html/lexend/assets/images/template/home-10-step-01.svg]
[unistudio.co/html/lexend/assets/images/template/home-10-step-02.svg]
[unistudio.co/html/lexend/assets/images/template/home-10-step-03.svg]
[unistudio.co/html/lexend/assets/images/common/icons/zap.svg]
[unistudio.co/html/lexend/assets/images/common/icons/database.svg]
[unistudio.co/html/lexend/assets/images/common/icons/line-chart.svg]
[unistudio.co/html/lexend/assets/images/common/icons/target.svg]
[unistudio.co/html/lexend/assets/images/common/icons/settings.svg]
[unistudio.co/html/lexend/assets/images/template/50_off.svg]
[unistudio.co/html/lexend/assets/css/theme/theme-five.purge.css]
[unistudio.co/html/lexend/assets/images/common/logo-8-dark.svg]
[unistudio.co/html/lexend/assets/images/custom-icons/home-8-icon-01.svg]
[unistudio.co/html/lexend/assets/images/custom-icons/home-8-icon-02.svg]
[unistudio.co/html/lexend/assets/images/custom-icons/home-8-icon-03.svg]
[unistudio.co/html/lexend/assets/images/custom-icons/home-8-icon-07.svg]
[unistudio.co/html/lexend/assets/images/custom-icons/home-8-icon-04.svg]
[unistudio.co/html/lexend/assets/images/custom-icons/home-8-icon-05.svg]
[unistudio.co/html/lexend/assets/images/custom-icons/home-8-icon-06.svg]
[unistudio.co/html/lexend/assets/images/custom-icons/home-8-icon-08.svg]
[unistudio.co/html/lexend/assets/images/apps/zapier.svg]
[unistudio.co/html/lexend/assets/images/apps/stipe.svg]
[unistudio.co/html/lexend/assets/images/apps/asana.svg]
[unistudio.co/html/lexend/assets/images/apps/mailchimp.svg]
[unistudio.co/html/lexend/assets/images/apps/drive.svg]
[unistudio.co/html/lexend/assets/images/apps/bitbucket.svg]
[unistudio.co/html/lexend/assets/images/review-logo/05.svg]
[unistudio.co/html/lexend/assets/images/review-logo/dark-05.svg]
[unistudio.co/html/lexend/main/page-contacct.html]
[unistudio.co/html/lexend/assets/css/theme/theme-four.purge.css]
[unistudio.co/html/lexend/assets/images/tools/notion.svg]
[unistudio.co/html/lexend/assets/images/tools/slack.svg]
[unistudio.co/html/lexend/assets/images/tools/google_drive.svg]
[unistudio.co/html/lexend/assets/images/tools/intercom.svg]
[unistudio.co/html/lexend/assets/images/tools/stripe.svg]
[unistudio.co/html/lexend/assets/images/tools/confluence.svg]
[unistudio.co/html/lexend/assets/images/tools/zendesk.svg]
[unistudio.co/html/lexend/assets/images/tools/g-calendar.svg]
[unistudio.co/html/lexend/assets/images/tools/whatsapp.svg]
[unistudio.co/html/lexend/assets/images/tools/discord.svg]
[unistudio.co/html/lexend/assets/images/tools/bitbucket.svg]
[unistudio.co/html/lexend/assets/images/tools/invision.svg]
[unistudio.co/html/lexend/assets/css/theme/theme-three.purge.css]
[unistudio.co/html/lexend/assets/images/common/logo-new-light.svg]
[unistudio.co/html/lexend/assets/images/common/logo-new-dark.svg]
[unistudio.co/html/lexend/assets/images/vectors/marketing.svg]
[unistudio.co/html/lexend/assets/images/vectors/charts-pc.svg]
[unistudio.co/html/lexend/assets/images/vectors/group.svg]
[unistudio.co/html/lexend/assets/images/vectors/idea.svg]
[unistudio.co/html/lexend/assets/images/vectors/marketing-dark.svg]
[unistudio.co/html/lexend/assets/images/vectors/charts-pc-dark.svg]
[unistudio.co/html/lexend/assets/images/vectors/group-dark.svg]
[unistudio.co/html/lexend/assets/images/vectors/idea-dark.svg]
[unistudio.co/html/lexend/assets/images/template/google-icon.svg]
[unistudio.co/html/lexend/assets/images/custom-icons/dark-icon-08.svg]
[unistudio.co/html/lexend/assets/images/custom-icons/dark-icon-07.svg]
[unistudio.co/html/lexend/assets/images/custom-icons/dark-icon-04.svg]
[unistudio.co/html/lexend/assets/images/vectors/man-trigger.svg]
[unistudio.co/html/lexend/assets/images/vectors/appostrof.svg]
[unistudio.co/html/lexend/assets/images/vectors/man-upside-down.svg]
[unistudio.co/html/lexend/assets/images/vectors/man-upside-down-dark.svg]
[unistudio.co/html/lexend/assets/images/vectors/producthunt-badges.svg]
[unistudio.co/html/lexend/assets/images/common/stars.svg]
[unistudio.co/html/lexend/assets/images/common/star.svg]
[unistudio.co/html/lexend/assets/css/theme/theme-two.purge.css]
[unistudio.co/html/lexend/assets/images/common/logo-icon.svg]
[unistudio.co/html/lexend/assets/images/template/user-cursor-1.svg]
[unistudio.co/html/lexend/assets/images/template/user-cursor-3.svg]
[unistudio.co/html/lexend/assets/images/template/user-cursor-2.svg]
[unistudio.co/html/lexend/assets/images/template/user-cursor-4.svg]
[unistudio.co/html/lexend/assets/images/common/icons/puzzle.svg]
[unistudio.co/html/lexend/assets/images/common/icons/section.svg]
[unistudio.co/html/lexend/assets/images/common/icons/column.svg]
[unistudio.co/html/lexend/assets/images/common/icons/div.svg]
[unistudio.co/html/lexend/assets/images/common/icons/heading.svg]
[unistudio.co/html/lexend/assets/images/common/icons/form.svg]
[unistudio.co/html/lexend/assets/images/common/icons/button.svg]
[unistudio.co/html/lexend/assets/images/common/icons/divider.svg]
[unistudio.co/html/lexend/assets/images/common/icons/spacer.svg]
[unistudio.co/html/lexend/assets/images/common/icons/image.svg]
[unistudio.co/html/lexend/assets/images/common/icons/video.svg]
[unistudio.co/html/lexend/assets/images/common/icons/map.svg]
[unistudio.co/html/lexend/assets/images/common/icons/charts.svg]
[unistudio.co/html/lexend/assets/images/common/icons/blog.svg]
[unistudio.co/html/lexend/assets/images/common/icons/portfolio.svg]
[unistudio.co/html/lexend/assets/images/common/icons/ecommerce.svg]
[unistudio.co/html/lexend/assets/images/common/icons/content.svg]
[unistudio.co/html/lexend/assets/images/common/icons/homepage.svg]
[unistudio.co/html/lexend/main/page-author.html]
[unistudio.co/html/lexend/main/pages-services.html]
[unistudio.co/html/lexend/main/pages-integrations.html]
[unistudio.co/html/lexend/main/page-contant.html]
[unistudio.co/html/lexend/assets/images/common/star-rating.svg]
[unistudio.co/html/lexend/assets/images/brands/brand-01-dark.svg]
[unistudio.co/html/lexend/assets/images/brands/brand-02-dark.svg]
[unistudio.co/html/lexend/assets/images/brands/brand-03-dark.svg]
[unistudio.co/html/lexend/assets/images/brands/brand-04-dark.svg]
[unistudio.co/html/lexend/assets/images/brands/brand-06-dark.svg]
[unistudio.co/html/lexend/assets/images/brands/brand-07-dark.svg]
[unistudio.co/html/lexend/assets/images/brands/brand-08-dark.svg]
[unistudio.co/html/lexend/assets/images/template/sitting.svg]
[unistudio.co/html/lexend/assets/images/template/sitting-dark.svg]
[unistudio.co/html/lexend/assets/images/review-logo/01.svg]
[unistudio.co/html/lexend/assets/images/review-logo/dark-01.svg]
[unistudio.co/html/lexend/assets/images/review-logo/02.svg]
[unistudio.co/html/lexend/assets/images/review-logo/dark-02.svg]
[unistudio.co/html/lexend/assets/images/review-logo/03.svg]
[unistudio.co/html/lexend/assets/images/review-logo/dark-03.svg]
[unistudio.co/html/lexend/assets/images/review-logo/04.svg]
[unistudio.co/html/lexend/assets/images/review-logo/dark-04.svg]
[unistudio.co/html/lexend/assets/images/review-logo/06.svg]
[unistudio.co/html/lexend/assets/images/review-logo/dark-06.svg]
[unistudio.co/html/lexend/assets/images/template/feature-01.svg]
[unistudio.co/html/lexend/assets/images/template/feature-02.svg]
[unistudio.co/html/lexend/assets/images/template/feature-03.svg]
[unistudio.co/html/lexend/assets/images/template/feature-04.svg]
[unistudio.co/html/lexend/assets/images/template/arrow-3.svg]
[unistudio.co/html/lexend/assets/images/technologies/react.svg]
[unistudio.co/html/lexend/assets/images/technologies/nextjs.svg]
[unistudio.co/html/lexend/assets/images/technologies/vue.svg]
[unistudio.co/html/lexend/assets/images/technologies/angular.svg]
[unistudio.co/html/lexend/assets/images/technologies/typeScript.svg]
[unistudio.co/html/lexend/assets/images/technologies/adonisjs.svg]
[unistudio.co/html/lexend/assets/images/technologies/sass.svg]
[unistudio.co/html/lexend/assets/images/technologies/nodejs.svg]
[unistudio.co/html/lexend/assets/images/technologies/php.svg]
[unistudio.co/html/lexend/assets/images/technologies/python.svg]
[unistudio.co/html/lexend/assets/images/technologies/django.svg]
[unistudio.co/html/lexend/assets/images/technologies/wordpress.svg]
[unistudio.co/html/lexend/assets/images/technologies/rubyrails.svg]
[unistudio.co/html/lexend/assets/images/technologies/laragon.svg]
[unistudio.co/html/lexend/assets/images/technologies/java.svg]
[unistudio.co/html/lexend/assets/images/technologies/kotlin.svg]
[unistudio.co/html/lexend/assets/images/technologies/flutter.svg]
[unistudio.co/html/lexend/assets/images/technologies/swift.svg]
[unistudio.co/html/lexend/assets/images/technologies/xamarin.svg]
[unistudio.co/html/lexend/assets/images/technologies/mysql.svg]
[unistudio.co/html/lexend/assets/images/technologies/mongodb.svg]
[unistudio.co/html/lexend/assets/images/technologies/postgresql.svg]
[unistudio.co/html/lexend/assets/images/technologies/googlecloud.svg]
[unistudio.co/html/lexend/assets/images/technologies/aws.svg]
[unistudio.co/html/lexend/assets/images/custom-icons/appear-effects.svg]
[unistudio.co/html/lexend/assets/images/custom-icons/button.svg]
[unistudio.co/html/lexend/assets/images/custom-icons/form.svg]
[unistudio.co/html/lexend/assets/images/custom-icons/nav.svg]
[unistudio.co/html/lexend/assets/images/custom-icons/alert.svg]
[unistudio.co/html/lexend/assets/images/custom-icons/modal.svg]
[unistudio.co/html/lexend/assets/images/custom-icons/animation.svg]
[unistudio.co/html/lexend/assets/images/custom-icons/accordion.svg]
[unistudio.co/html/lexend/assets/images/custom-icons/tab.svg]
[unistudio.co/html/lexend/assets/images/custom-icons/switcher.svg]
[unistudio.co/html/lexend/assets/images/custom-icons/slider.svg]
[unistudio.co/html/lexend/assets/images/custom-icons/content-table.svg]
[unistudio.co/html/lexend/assets/images/custom-icons/sticky.svg]
[unistudio.co/html/lexend/assets/images/custom-icons/animated-text.svg]
[unistudio.co/html/lexend/assets/images/custom-icons/scroll-effects.svg]
[unistudio.co/html/lexend/assets/images/custom-icons/tilt-effects.svg]
[unistudio.co/html/lexend/assets/images/custom-icons/magic-cursor.svg]
[unistudio.co/html/lexend/assets/images/custom-icons/marquee-text.svg]
[unistudio.co/html/lexend/assets/images/template/charts.svg]
[unistudio.co/html/lexend/assets/images/template/charts-dark.svg]
[unistudio.co/html/lexend/assets/images/template/hand-pencil.svg]
[unistudio.co/html/lexend/assets/images/template/hand-pencil-dark.svg]
[unistudio.co/html/lexend/assets/images/template/empathing.svg]
[unistudio.co/html/lexend/assets/images/template/empathing-dark.svg]
[unistudio.co/html/lexend/assets/images/template/walking.svg]
[unistudio.co/html/lexend/assets/images/template/walking-dark.svg]
[unistudio.co/html/lexend/assets/images/template/thinking.svg]
[unistudio.co/html/lexend/assets/images/template/thinking-dark.svg]
[unistudio.co/html/lexend/assets/images/template/send-message.svg]
[unistudio.co/html/lexend/assets/images/template/send-message-dark.svg]
[unistudio.co/html/lexend/assets/images/common/icons/home.svg]
[unistudio.co/html/lexend/assets/images/template/newsletter.svg]
[unistudio.co/html/lexend/assets/images/template/newsletter-dark.svg]
[unistudio.co/html/lexend/assets/images/template/icon-internet.svg]
[unistudio.co/html/lexend/assets/images/template/icon-internet-dark.svg]
[unistudio.co/html/lexend/assets/images/template/icon-community.svg]
[unistudio.co/html/lexend/assets/images/template/icon-community-dark.svg]
[unistudio.co/html/lexend/docs/assets/fonts/unicons/unicons.svg]
[unistudio.co/html/lexend/docs/assets/fonts/unicons/unicons.svg]
